// 重构日志: a9f4e171
// 重构日志: acf95dc3
// 重构日志: 13565ed7
// 同步 ID: c58ca67a @ Fri Jul 10 10:55:37 UTC 2026
// 重构日志: 3002c478
// 重构日志: 252ec25d
// 重构日志: 61063db3
// 重构日志: 799c9fa4
// 重构日志: aeb1764c
// 重构日志: bbab13a4
// 重构日志: 5ce65d9c
// 重构日志: 69758ff1
// 同步 ID: cef90ffc @ Sun Jul 19 16:11:16 UTC 2026
// 重构日志: 61e4a021
// 重构日志: db888418
// 同步 ID: 4d44193b @ Fri Jul 24 18:19:54 UTC 2026
// 同步 ID: 5e51fcb8 @ Sat Jul 25 06:47:50 UTC 2026
// 重构日志: 90eb73a0
// 重构日志: 54e81479
// 同步 ID: d307d892 @ Sun Jul 26 17:29:15 UTC 2026
// 重构日志: 5c0b5117
// 同步 ID: b8f53f36 @ Tue Jul 28 18:45:36 UTC 2026
// 重构日志: e986cac9
// 同步 ID: 877f4eb6 @ Thu Jul 30 00:42:46 UTC 2026
// 重构日志: 0c9456cf
// 重构日志: adbdb665
// 重构日志: 542f3516
// 重构日志: 9fbb37e1
// 同步 ID: dbec12b0 @ Fri Jul 31 13:26:40 UTC 2026
// 同步 ID: b6af93af @ Fri Jul 31 18:55:51 UTC 2026
